// Jest Snapshot v1, https://goo.gl/fbAQLP

exports[`@coco-platform/handlebars-extension should support inline expression 1`] = `
"  <style type=\\"text/css\\">
.CloseIcon-icon-2xww{transition:opacity .3s ease-out}.CloseIcon-icon-2xww:hover{opacity:.8}
</style>
  <script type=\\"application/javascript\\">
(function($) {$(document).ready(() &#x3D;&gt; {});})(jQuery);
</script>
  
"
`;

exports[`@coco-platform/handlebars-extension should support link expression 1`] = `
"  <link rel=\\"stylesheet\\" href=\\"https://static.zhihu.com/heifetz/main.app.c994694b7b8c848b345c.css\\">
  <link rel=\\"stylesheet\\" href=\\"https://static.zhihu.com/heifetz/main.app.c994694b7b8c848b345c.css\\">
  <link rel=\\"dns-prefetch\\" href=\\"//static.zhimg.com\\">
  <script type=\\"application/javascript\\" src=\\"https://static.zhihu.com/heifetz/main.app.c994694b7b8c848b345c.js\\"></script>
  <script type=\\"application/javascript\\" src=\\"https://static.zhihu.com/heifetz/main.signflow.6af7025179e6b1979aca.js\\" crossorigin=\\"anonymous\\"></script>
  
"
`;
